
Memory Configuration

Name             Origin             Length             Attributes
ram              0x80000000         0x00500000         xrw
*default*        0x00000000         0xffffffff

Linker script and memory map

                0x00000000                __DYNAMIC=0x0
                0x00400000                PROVIDE (__stack, 0x400000)
                0x00000000                PROVIDE (hardware_init_hook, 0x0)
                0x00000000                PROVIDE (_hardware_init_hook, 0x0)
                0x00000000                PROVIDE (software_init_hook, 0x0)
                0x00000000                PROVIDE (_software_init_hook, 0x0)

.text           0x80000000    0x19470
 *(.text)
 .text          0x80000000      0xb98 S2_analogsettings.o
                0x800009be                S2_analogsettings_main
                0x80000000                S2_analogsettingsEventHandler00000
                0x800004b0                S2_analogsettingsEventHandler00001
                0x800008f4                S2_analogsettings_EventHandler
 .text          0x80000b98      0x32c S2_SrcID_Transmit.o
                0x80000d4a                S2_SrcID_TransmitEventHandler00000
                0x80000c78                S2_SrcID_Transmit_main
                0x80000e1a                S2_SrcID_TransmitEventHandler00001
                0x80000b98                S2_SrcID_Transmit_EventHandler
 .text          0x80000ec4      0x71c S2_tstat_temp_display.o
                0x80000fc8                S2_tstat_temp_displayEventHandler00000
                0x800013b8                S2_tstat_temp_display_EventHandler
                0x80001460                S2_tstat_temp_display_main
 .text          0x800015e0      0x8da S2_tstat_temp_display_v1_1.o
                0x80001b9a                S2_tstat_temp_display_v1_1_main
                0x80001d82                S2_tstat_temp_display_v1_1EventHandler00001
                0x80001e7e                S2_tstat_temp_display_v1_1EventHandler00002
                0x80001d1a                S2_tstat_temp_display_v1_1EventHandler00000
                0x80001ac0                S2_tstat_temp_display_v1_1_EventHandler
 *fill*         0x80001eba        0x2
 .text          0x80001ebc     0x2adc S2_text_scroller_v1_2.o
                0x80002742                S2_text_scroller_v1_2EventHandler00000
                0x80003a66                S2_text_scroller_v1_2EventHandler00009
                0x80003246                S2_text_scroller_v1_2EventHandler00006
                0x800043d8                S2_text_scroller_v1_2_main
                0x800047bc                S2_text_scroller_v1_2EventHandler00003
                0x80004854                S2_text_scroller_v1_2EventHandler00008
                0x800046f4                S2_text_scroller_v1_2EventHandler00001
                0x80002f82                S2_text_scroller_v1_2EventHandler00005
                0x8000362a                S2_text_scroller_v1_2EventHandler00007
                0x80003c30                S2_text_scroller_v1_2EventHandler0000A
                0x80004286                S2_text_scroller_v1_2_EventHandler
                0x80002cce                S2_text_scroller_v1_2EventHandler00004
                0x8000292a                S2_text_scroller_v1_2EventHandler00002
                0x800048a8                S2_text_scroller_v1_2EventHandler0000B
 .text          0x80004998      0x440 S2_String_Counter_v1_0.o
                0x80004d22                S2_String_Counter_v1_0_main
                0x80004c52                S2_String_Counter_v1_0_EventHandler
                0x80004998                S2_String_Counter_v1_0EventHandler00000
 .text          0x80004dd8      0x2e0 S2_String_Compare.o
                0x80004dd8                S2_String_CompareEventHandler00000
                0x80004fce                S2_String_Compare_main
                0x80004f18                S2_String_Compare_EventHandler
 .text          0x800050b8     0x5ce8 S2_Dynamic_Presets_Extender_File_IO.o
                0x80009b5a                S2_Dynamic_Presets_Extender_File_IOEventHandler00004
                0x80009c96                S2_Dynamic_Presets_Extender_File_IOEventHandler00005
                0x8000a1e2                S2_Dynamic_Presets_Extender_File_IOEventHandler00008
                0x8000ac5a                S2_Dynamic_Presets_Extender_File_IOEventHandler0000B
                0x8000aac6                S2_Dynamic_Presets_Extender_File_IOEventHandler00009
                0x800095f2                S2_Dynamic_Presets_Extender_File_IOEventHandler00001
                0x8000a9ea                S2_Dynamic_Presets_Extender_File_IOEventHandler00006
                0x8000a5c4                S2_Dynamic_Presets_Extender_File_IO_main
                0x8000a4de                S2_Dynamic_Presets_Extender_File_IO_EventHandler
                0x8000ab92                S2_Dynamic_Presets_Extender_File_IOEventHandler0000A
                0x8000998c                S2_Dynamic_Presets_Extender_File_IOEventHandler00003
                0x80009426                S2_Dynamic_Presets_Extender_File_IOEventHandler00000
                0x800097be                S2_Dynamic_Presets_Extender_File_IOEventHandler00002
                0x80009e06                S2_Dynamic_Presets_Extender_File_IOEventHandler00007
                0x8000acfc                S2_Dynamic_Presets_Extender_File_IOEventHandler0000C
 .text          0x8000ada0      0x640 S2_HD_Channel_Decoder.o
                0x8000b36e                S2_HD_Channel_Decoder_main
                0x8000ada0                S2_HD_Channel_DecoderEventHandler00000
                0x8000b2c8                S2_HD_Channel_Decoder_EventHandler
 .text          0x8000b3e0      0x5ce S2_KeyPro255.o
                0x8000b8b2                S2_KeyPro255EventHandler00001
                0x8000b3e0                S2_KeyPro255EventHandler00000
                0x8000b518                S2_KeyPro255EventHandler00002
                0x8000b6da                S2_KeyPro255_main
                0x8000b828                S2_KeyPro255_EventHandler
 *fill*         0x8000b9ae        0x2
 .text          0x8000b9b0     0x4054 S2_CLA_Scrolling_Favs_v1.o
                0x8000e34e                S2_CLA_Scrolling_Favs_v1EventHandler00003
                0x8000e6a8                S2_CLA_Scrolling_Favs_v1EventHandler00005
                0x8000dbcc                S2_CLA_Scrolling_Favs_v1EventHandler00001
                0x8000f626                S2_CLA_Scrolling_Favs_v1_main
                0x8000e4f8                S2_CLA_Scrolling_Favs_v1EventHandler00004
                0x8000c536                S2_CLA_Scrolling_Favs_v1EventHandler00000
                0x8000e9da                S2_CLA_Scrolling_Favs_v1EventHandler00007
                0x8000defe                S2_CLA_Scrolling_Favs_v1EventHandler00002
                0x8000e80a                S2_CLA_Scrolling_Favs_v1EventHandler00006
                0x8000f9da                S2_CLA_Scrolling_Favs_v1_CATEGORIESSTRUCT_Constructor
                0x8000f9d0                S2_CLA_Scrolling_Favs_v1_CHANNELSTRUCT_Destructor
                0x8000f9fa                S2_CLA_Scrolling_Favs_v1_CATEGORIESSTRUCT_Destructor
                0x8000f9b0                S2_CLA_Scrolling_Favs_v1_CHANNELSTRUCT_Constructor
                0x8000f586                S2_CLA_Scrolling_Favs_v1_EventHandler
 .text          0x8000fa04      0xcbe S2_Lutron_Homeworks_QS_Feedback_Processing_Module_r01.o
                0x80010528                S2_Lutron_Homeworks_QS_Feedback_Processing_Module_r01_EventHandler
                0x800105e4                S2_Lutron_Homeworks_QS_Feedback_Processing_Module_r01_main
                0x8000fa04                S2_Lutron_Homeworks_QS_Feedback_Processing_Module_r01EventHandler00000
 *fill*         0x800106c2        0x2
 .text          0x800106c4     0x5836 library.o
                0x800148b0                RotateRightLong
                0x80014ebe                IsSystem
                0x80014814                Seed
                0x8001210c                Remove
                0x80014490                Ltoa
                0x800141bc                Atoi
                0x80013524                InitRampInfoArray
                0x80014c6a                Right
                0x80015c9a                LockInputSema
                0x8001473e                Mod
                0x80014926                Getc
                0x80014672                SMuldiv
                0x80014ea0                IsHidden
                0x80014556                Min
                0x80015aae                hextosi
                0x80015044                WriteIntegerArray
                0x800155ba                GetSignedIntArrayElementPtr
                0x80013ede                CheckStructArray
                0x80015ac2                hextosl
                0x800151ca                WriteSignedIntegerArray
                0x80013ba6                InitStringParamArray
                0x80012e78                ReadSignedLongIntegerArray
                0x80011d9a                GatherToDelimiter
                0x800139ca                InitStringArray
                0x80014530                Max
                0x80014efa                IsReadOnly
                0x8001463a                SMax
                0x80011f3e                GatherByLength
                0x800143ca                Chr
                0x8001501c                ReadSignedLongInteger
                0x80014448                Itohex
                0x80013e50                GetStructArrayElement
                0x80014144                UNS_SetByte
                0x80014c3e                ReverseFindi
                0x80013320                ReadStringArray
                0x800153ca                GetIntArrayElementPtr
                0x80014a7a                Lower
                0x80014830                RotateLeft
                0x80015be2                ResizeIfAutogrow
                0x80013650                CheckInputArray
                0x80010c32                ResizeStringArray
                0x8001435c                Atosl
                0x80014184                High
                0x800147e0                Rnd
                0x80014702                UMod
                0x80014886                RotateLeftLong
                0x80015d0e                FindNumericChar
                0x80015812                CheckIOArrayBounds2
                0x80014e58                MakeProgramFilename
                0x80014656                SMin
                0x800149ae                Left
                0x800148f0                CheckBufferThreshold
                0x80014fd4                ReadSignedInteger
                0x800141ae                LowWord
                0x800106c4                Bit
                0x80014f84                ReadLongInteger
                0x80013fc2                Byte
                0x800154c2                GetLongArrayElementPtr
                0x80014c10                ReverseFind
                0x80014e6e                GetSeries
                0x80015dda                InitTcpServer
                0x80014a62                Len
                0x800158e2                InitializeRampInfoInternal
                0x8001457c                Divide
                0x800142c8                Atol
                0x80014e64                GetModelNumber
                0x800157aa                CheckIOArrayBounds
                0x800136aa                CheckStringInputArray
                0x8001528c                WriteSignedLongIntegerArray
                0x80013d9a                GetStringArrayElement
                0x800144d4                Ltohex
                0x80014400                Itoa
                0x8001485a                RotateRight
                0x800123fa                InternalReverseFind
                0x80014f64                WriteLongInteger
                0x800138ce                InitDynamicStringStruct
                0x800137c0                SetStringArray
                0x80012c56                ReadSignedIntegerArray
                0x80013704                SetOutputArray
                0x80014f14                WriteInteger
                0x80013d2e                InitStructDynamicArray
                0x80012684                SetString
                0x8001477a                Random
                0x80014fac                WriteSignedInteger
                0x80010928                Find
                0x80014e78                GetProgramNumber
                0x80014b4e                Mid
                0x80015d4c                InitTcpClient
                0x80011816                ResizeStructArray
                0x800156b2                GetSignedLongArrayElementPtr
                0x80015ad4                hextol
                0x8001309a                ReadString
                0x80013a60                InitDynamicStringArray
                0x80015bba                UpperChar
                0x80014258                Atosi
                0x80014f3c                ReadInteger
                0x800145ee                Muldiv
                0x80013772                SetStringOutputArray
                0x80015350                WriteString
                0x8001128a                ResizeIntegerArray
                0x80013618                InitInOutArray
                0x80013c6e                InitNvramStringArray
                0x80014518                Abs
                0x800146be                SDivide
                0x80012814                ReadIntegerArray
                0x800107d4                CompareStrings
                0x80015b92                LowerChar
                0x80015e6a                InitUdpSocket
                0x800148d8                ClearBuffer
                0x80014d26                Upper
                0x80013d0a                InitStructArray
                0x80014dfc                MakeLower
                0x80014edc                IsVolume
                0x80012266                RemoveByLength
                0x80013f5a                CheckStringOutputArrayIndex
                0x80015106                WriteLongIntegerArray
                0x8001598e                InitRampInfoStructArray
                0x800141a0                HighWord
                0x80010a9c                ResizeString
                0x80014e82                IsDirectory
                0x80012a34                ReadLongIntegerArray
                0x80014192                Low
                0x80011c40                Gather
                0x80014e2a                MakeUpper
                0x80013890                InitStringStruct
                0x8001587a                CheckStringArrayBounds
                0x800145c0                CheckDenominator
                0x80015a96                hextoi
                0x800131b8                WriteStringArray
                0x80014082                SetByte
                0x80015938                InitializeRampInfo
                0x80015cd4                UnLockInputSema
                0x80014ffc                WriteSignedLongInteger
                0x80013982                InitNvramStringStruct
 *fill*         0x80015efa        0x6
                0x80015f00                .=ALIGN(0x10)
 *(.eh_frame)
                0x80015f00                .=ALIGN(0x10)
 *(.gnu.linkonce.t.*)
                0x80015f00                .=ALIGN(0x4)
                0x80015f00                __CTOR_LIST__=.
                0x80015f00                ___CTOR_LIST__=.
                0x80015f00        0x4 LONG 0x0 (((__CTOR_END__-__CTOR_LIST__)/0x4)-0x2)
 *(.ctors)
                0x80015f04        0x4 LONG 0x0
                0x80015f08                __CTOR_END__=.
                0x80015f08                __DTOR_LIST__=.
                0x80015f08                ___DTOR_LIST__=.
                0x80015f08        0x4 LONG 0x0 (((__DTOR_END__-__DTOR_LIST__)/0x4)-0x2)
 *(.dtors)
                0x80015f0c        0x4 LONG 0x0
                0x80015f10                __DTOR_END__=.
 *(.rodata)
 .rodata        0x80015f10      0x33e S2_analogsettings.o
 .rodata        0x8001624e      0x26b S2_SrcID_Transmit.o
 .rodata        0x800164b9      0x2cd S2_tstat_temp_display.o
 .rodata        0x80016786      0x2cd S2_tstat_temp_display_v1_1.o
 .rodata        0x80016a53      0x391 S2_text_scroller_v1_2.o
 .rodata        0x80016de4      0x278 S2_String_Counter_v1_0.o
 .rodata        0x8001705c      0x261 S2_String_Compare.o
 .rodata        0x800172bd      0x69d S2_Dynamic_Presets_Extender_File_IO.o
 .rodata        0x8001795a      0x28f S2_HD_Channel_Decoder.o
 .rodata        0x80017be9      0x29c S2_KeyPro255.o
 .rodata        0x80017e85      0x530 S2_CLA_Scrolling_Favs_v1.o
 .rodata        0x800183b5      0x452 S2_Lutron_Homeworks_QS_Feedback_Processing_Module_r01.o
 .rodata        0x80018807      0xc54 library.o
 *(.gcc_except_table)
 *fill*         0x8001945b        0x1
                0x8001945c                .=ALIGN(0x2)
                0x8001945c                __INIT_SECTION__=.
                0x8001945c        0x4 LONG 0x4e560000
 *(.init)
                0x80019460        0x2 SHORT 0x4e5e
                0x80019462        0x2 SHORT 0x4e75
                0x80019464                __FINI_SECTION__=.
                0x80019464        0x4 LONG 0x4e560000
 *(.fini)
                0x80019468        0x2 SHORT 0x4e5e
                0x8001946a        0x2 SHORT 0x4e75
 *(.lit)
 *fill*         0x8001946c        0x4
                0x80019470                .=ALIGN(0x10)
                0x80019470                _etext=.
                0x80019470                etext=.

.data           0x80019470        0x0
                0x80019470                copy_start=.
 *(.shdata)
 *(.data)
 *(.gnu.linkonce.d.*)
                0x80019470                .=ALIGN(0x10)
                0x80019470                _edata=.
                0x80019470                copy_end=.

.got
 *(.got.plt)
 *(.got)

EntryList       0x80019470      0xcc0
 *(EntryList)
 EntryList      0x80019470      0x110 S2_analogsettings.o
                0x80019470                S2_analogsettings_Entry
 EntryList      0x80019580      0x110 S2_SrcID_Transmit.o
                0x80019580                S2_SrcID_Transmit_Entry
 EntryList      0x80019690      0x110 S2_tstat_temp_display.o
                0x80019690                S2_tstat_temp_display_Entry
 EntryList      0x800197a0      0x110 S2_tstat_temp_display_v1_1.o
                0x800197a0                S2_tstat_temp_display_v1_1_Entry
 EntryList      0x800198b0      0x110 S2_text_scroller_v1_2.o
                0x800198b0                S2_text_scroller_v1_2_Entry
 EntryList      0x800199c0      0x110 S2_String_Counter_v1_0.o
                0x800199c0                S2_String_Counter_v1_0_Entry
 EntryList      0x80019ad0      0x110 S2_String_Compare.o
                0x80019ad0                S2_String_Compare_Entry
 EntryList      0x80019be0      0x110 S2_Dynamic_Presets_Extender_File_IO.o
                0x80019be0                S2_Dynamic_Presets_Extender_File_IO_Entry
 EntryList      0x80019cf0      0x110 S2_HD_Channel_Decoder.o
                0x80019cf0                S2_HD_Channel_Decoder_Entry
 EntryList      0x80019e00      0x110 S2_KeyPro255.o
                0x80019e00                S2_KeyPro255_Entry
 EntryList      0x80019f10      0x110 S2_CLA_Scrolling_Favs_v1.o
                0x80019f10                S2_CLA_Scrolling_Favs_v1_Entry
 EntryList      0x8001a020      0x110 S2_Lutron_Homeworks_QS_Feedback_Processing_Module_r01.o
                0x8001a020                S2_Lutron_Homeworks_QS_Feedback_Processing_Module_r01_Entry
                0x8001a130                .=ALIGN(0x4)

FunctionList    0x8001a130        0x4
 *(FunctionList)
 FunctionList   0x8001a130        0x4 globals.o
                0x8001a130                g_pFunctions
                0x8001a134                .=ALIGN(0x4)

.bss            0x8001a134        0x0
                0x8001a134                .=ALIGN(0x4)
                0x8001a134                __bss_start=.
 *(.shbss)
 *(.bss)
 *(COMMON)
                0x8001a138                _end=ALIGN(0x8)
                0x8001a138                __end=_end

.stab
 *(.stab)

.stabstr
 *(.stabstr)

.debug
 *(.debug)

.line
 *(.line)

.debug_srcinfo
 *(.debug_srcinfo)

.debug_sfnames
 *(.debug_sfnames)

.debug_aranges
 *(.debug_aranges)

.debug_pubnames
 *(.debug_pubnames)

.debug_info
 *(.debug_info)

.debug_abbrev
 *(.debug_abbrev)

.debug_line
 *(.debug_line)

.debug_frame
 *(.debug_frame)

.debug_str
 *(.debug_str)

.debug_loc
 *(.debug_loc)

.debug_macinfo
 *(.debug_macinfo)

.debug_weaknames
 *(.debug_weaknames)

.debug_funcnames
 *(.debug_funcnames)

.debug_typenames
 *(.debug_typenames)

.debug_varnames
 *(.debug_varnames)
LOAD S2_analogsettings.o
LOAD S2_SrcID_Transmit.o
LOAD S2_tstat_temp_display.o
LOAD S2_tstat_temp_display_v1_1.o
LOAD S2_text_scroller_v1_2.o
LOAD S2_String_Counter_v1_0.o
LOAD S2_String_Compare.o
LOAD S2_Dynamic_Presets_Extender_File_IO.o
LOAD S2_HD_Channel_Decoder.o
LOAD S2_KeyPro255.o
LOAD S2_CLA_Scrolling_Favs_v1.o
LOAD S2_Lutron_Homeworks_QS_Feedback_Processing_Module_r01.o
LOAD globals.o
LOAD library.o
OUTPUT(_S2_Copia_de_Lomas_del_Encanto_CP2.spl elf32-m68k)

.comment        0x8001a134      0x214
 .comment       0x8001a134       0x26 S2_analogsettings.o
 .comment       0x8001a15a       0x26 S2_SrcID_Transmit.o
 .comment       0x8001a180       0x26 S2_tstat_temp_display.o
 .comment       0x8001a1a6       0x26 S2_tstat_temp_display_v1_1.o
 .comment       0x8001a1cc       0x26 S2_text_scroller_v1_2.o
 .comment       0x8001a1f2       0x26 S2_String_Counter_v1_0.o
 .comment       0x8001a218       0x26 S2_String_Compare.o
 .comment       0x8001a23e       0x26 S2_Dynamic_Presets_Extender_File_IO.o
 .comment       0x8001a264       0x26 S2_HD_Channel_Decoder.o
 .comment       0x8001a28a       0x26 S2_KeyPro255.o
 .comment       0x8001a2b0       0x26 S2_CLA_Scrolling_Favs_v1.o
 .comment       0x8001a2d6       0x26 S2_Lutron_Homeworks_QS_Feedback_Processing_Module_r01.o
 .comment       0x8001a2fc       0x26 globals.o
 .comment       0x8001a322       0x26 library.o
